Archive member included to satisfy reference by file (symbol)

c:/program files (x86)/atmel/studio/7.0/toolchain/avr8/avr8-gnu-toolchain/bin/../lib/gcc/avr/5.4.0/avr5\libgcc.a(_exit.o)
                              C:/Program Files (x86)/Atmel/Studio/7.0/Packs/atmel/ATmega_DFP/1.7.374/gcc/dev/atmega32a/avr5/crtatmega32a.o (exit)
c:/program files (x86)/atmel/studio/7.0/toolchain/avr8/avr8-gnu-toolchain/bin/../lib/gcc/avr/5.4.0/avr5\libgcc.a(_copy_data.o)
                              main.o (__do_copy_data)

Discarded input sections

 .data          0x00000000        0x0 C:/Program Files (x86)/Atmel/Studio/7.0/Packs/atmel/ATmega_DFP/1.7.374/gcc/dev/atmega32a/avr5/crtatmega32a.o
 .bss           0x00000000        0x0 C:/Program Files (x86)/Atmel/Studio/7.0/Packs/atmel/ATmega_DFP/1.7.374/gcc/dev/atmega32a/avr5/crtatmega32a.o
 .text          0x00000000        0x0 main.o
 .data          0x00000000        0x0 main.o
 .bss           0x00000000        0x0 main.o
 .data.ICs      0x00000000      0x164 main.o
 .data.IC_7486  0x00000000       0x14 main.o
 .data.logic_7486
                0x00000000        0x8 main.o
 .data.IC_7485  0x00000000       0x14 main.o
 .data.logic_7485
                0x00000000       0x18 main.o
 .data.IC_7475  0x00000000       0x14 main.o
 .data.logic_7475
                0x00000000       0x10 main.o
 .data.IC_7474  0x00000000       0x14 main.o
 .data.logic_7474
                0x00000000       0x10 main.o
 .data.IC_7472  0x00000000       0x14 main.o
 .data.logic_7472
                0x00000000       0x1a main.o
 .data.IC_7465  0x00000000       0x14 main.o
 .data.logic_7465
                0x00000000       0x10 main.o
 .data.IC_7462  0x00000000       0x14 main.o
 .data.logic_7462
                0x00000000       0x10 main.o
 .data.IC_7461  0x00000000       0x14 main.o
 .data.logic_7461
                0x00000000        0xe main.o
 .data.IC_7460  0x00000000       0x14 main.o
 .data.logic_7460
                0x00000000        0x8 main.o
 .data.IC_74597
                0x00000000       0x14 main.o
 .data.logic_74597
                0x00000000        0xa main.o
 .data.IC_74595
                0x00000000       0x14 main.o
 .data.logic_74595
                0x00000000        0xe main.o
 .data.IC_74589
                0x00000000       0x14 main.o
 .data.logic_74589
                0x00000000        0xe main.o
 .data.IC_7458  0x00000000       0x14 main.o
 .data.logic_7458
                0x00000000        0x6 main.o
 .data.IC_7455  0x00000000       0x14 main.o
 .data.logic_7455
                0x00000000       0x14 main.o
 .data.IC_7451  0x00000000       0x14 main.o
 .data.logic_7451
                0x00000000       0x14 main.o
 .data.IC_7450  0x00000000       0x14 main.o
 .data.logic_7450
                0x00000000        0x8 main.o
 .data.IC_7447  0x00000000       0x14 main.o
 .data.logic_7447
                0x00000000       0x14 main.o
 .data.IC_7446  0x00000000       0x14 main.o
 .data.logic_7446
                0x00000000       0x14 main.o
 .data.IC_7442  0x00000000       0x14 main.o
 .data.logic_7442
                0x00000000       0x14 main.o
 .data.IC_7440  0x00000000       0x14 main.o
 .data.logic_7440
                0x00000000       0x12 main.o
 .data.IC_74393
                0x00000000       0x14 main.o
 .data.logic_74393
                0x00000000       0x1e main.o
 .data.IC_74390
                0x00000000       0x14 main.o
 .data.logic_74390
                0x00000000       0x18 main.o
 .data.IC_74386
                0x00000000       0x14 main.o
 .data.logic_74386
                0x00000000        0x8 main.o
 .data.IC_7438  0x00000000       0x14 main.o
 .data.logic_7438
                0x00000000        0x8 main.o
 .data.IC_74375
                0x00000000       0x14 main.o
 .data.logic_74375
                0x00000000        0x8 main.o
 .data.IC_7437  0x00000000       0x14 main.o
 .data.logic_7437
                0x00000000        0x8 main.o
 .data.IC_74368
                0x00000000       0x14 main.o
 .data.logic_74368
                0x00000000        0x8 main.o
 .data.IC_74367
                0x00000000       0x14 main.o
 .data.logic_74367
                0x00000000        0xa main.o
 .data.IC_74366
                0x00000000       0x14 main.o
 .data.logic_74366
                0x00000000        0xc main.o
 .data.IC_74365
                0x00000000       0x14 main.o
 .data.logic_74365
                0x00000000       0x10 main.o
 .data.IC_7432  0x00000000       0x14 main.o
 .data.logic_7432
                0x00000000        0x8 main.o
 .data.IC_7430  0x00000000       0x14 main.o
 .data.logic_7430
                0x00000000       0x14 main.o
 .data.IC_74298
                0x00000000       0x14 main.o
 .data.logic_74298
                0x00000000        0x4 main.o
 .data.IC_74294
                0x00000000       0x14 main.o
 .data.logic_74294
                0x00000000       0x12 main.o
 .data.IC_74293
                0x00000000       0x14 main.o
 .data.logic_74293
                0x00000000       0x18 main.o
 .data.IC_74292
                0x00000000       0x14 main.o
 .data.logic_74292
                0x00000000        0xc main.o
 .data.IC_74283
                0x00000000       0x14 main.o
 .data.logic_74283
                0x00000000        0xc main.o
 .data.IC_74280
                0x00000000       0x14 main.o
 .data.logic_74280
                0x00000000       0x10 main.o
 .data.IC_7428  0x00000000       0x14 main.o
 .data.logic_7428
                0x00000000        0x8 main.o
 .data.IC_7427  0x00000000       0x14 main.o
 .data.logic_7427
                0x00000000       0x10 main.o
 .data.IC_74266
                0x00000000       0x14 main.o
 .data.logic_74266
                0x00000000        0x8 main.o
 .data.IC_74260
                0x00000000       0x14 main.o
 .data.logic_74260
                0x00000000       0x14 main.o
 .data.IC_7426  0x00000000       0x14 main.o
 .data.logic_7426
                0x00000000        0x8 main.o
 .data.IC_74259
                0x00000000       0x14 main.o
 .data.logic_74259
                0x00000000       0x10 main.o
 .data.IC_74258
                0x00000000       0x14 main.o
 .data.logic_74258
                0x00000000       0x14 main.o
 .data.IC_74257
                0x00000000       0x14 main.o
 .data.logic_74257
                0x00000000       0x14 main.o
 .data.IC_74253
                0x00000000       0x14 main.o
 .data.logic_74253
                0x00000000       0x10 main.o
 .data.IC_74251
                0x00000000       0x14 main.o
 .data.logic_74251
                0x00000000       0x10 main.o
 .data.IC_7425  0x00000000       0x14 main.o
 .data.logic_7425
                0x00000000       0x20 main.o
 .data.IC_74243
                0x00000000       0x14 main.o
 .data.logic_74243
                0x00000000        0x8 main.o
 .data.IC_74242
                0x00000000       0x14 main.o
 .data.logic_74242
                0x00000000        0x8 main.o
 .data.IC_74237
                0x00000000       0x14 main.o
 .data.logic_74237
                0x00000000       0x14 main.o
 .data.IC_7422  0x00000000       0x14 main.o
 .data.logic_7422
                0x00000000       0x20 main.o
 .data.IC_7421  0x00000000       0x14 main.o
 .data.logic_7421
                0x00000000        0x8 main.o
 .data.IC_7420  0x00000000       0x14 main.o
 .data.logic_7420
                0x00000000       0x12 main.o
 .data.IC_74195
                0x00000000       0x14 main.o
 .data.logic_74195
                0x00000000        0xe main.o
 .data.IC_74194
                0x00000000       0x14 main.o
 .data.logic_74194
                0x00000000       0x2e main.o
 .data.IC_74193
                0x00000000       0x14 main.o
 .data.logic_74193
                0x00000000       0x3e main.o
 .data.IC_74192
                0x00000000       0x14 main.o
 .data.logic_74192
                0x00000000        0xe main.o
 .data.IC_74191
                0x00000000       0x14 main.o
 .data.logic_74191
                0x00000000       0x12 main.o
 .data.IC_74190
                0x00000000       0x14 main.o
 .data.logic_74190
                0x00000000       0x12 main.o
 .data.IC_74182
                0x00000000       0x14 main.o
 .data.logic_74182
                0x00000000        0x4 main.o
 .data.IC_7418  0x00000000       0x14 main.o
 .data.logic_7418
                0x00000000       0x12 main.o
 .data.IC_74175
                0x00000000       0x14 main.o
 .data.logic_74175
                0x00000000        0x8 main.o
 .data.IC_74174
                0x00000000       0x14 main.o
 .data.logic_74174
                0x00000000        0xc main.o
 .data.IC_74173
                0x00000000       0x14 main.o
 .data.logic_74173
                0x00000000       0x1e main.o
 .data.IC_7417  0x00000000       0x14 main.o
 .data.logic_7417
                0x00000000        0x4 main.o
 .data.IC_74166
                0x00000000       0x14 main.o
 .data.logic_74166
                0x00000000       0x18 main.o
 .data.IC_74165
                0x00000000       0x14 main.o
 .data.logic_74165
                0x00000000        0xc main.o
 .data.IC_74164
                0x00000000       0x14 main.o
 .data.logic_74164
                0x00000000       0x10 main.o
 .data.IC_74163
                0x00000000       0x14 main.o
 .data.logic_74163
                0x00000000       0x22 main.o
 .data.IC_74162
                0x00000000       0x14 main.o
 .data.logic_74162
                0x00000000       0x24 main.o
 .data.IC_74161
                0x00000000       0x14 main.o
 .data.logic_74161
                0x00000000       0x20 main.o
 .data.IC_74160
                0x00000000       0x14 main.o
 .data.logic_74160
                0x00000000       0x1c main.o
 .data.IC_7416  0x00000000       0x14 main.o
 .data.logic_7416
                0x00000000        0x4 main.o
 .data.IC_74158
                0x00000000       0x14 main.o
 .data.logic_74158
                0x00000000       0x14 main.o
 .data.IC_74157
                0x00000000       0x14 main.o
 .data.logic_74157
                0x00000000       0x14 main.o
 .data.IC_74153
                0x00000000       0x14 main.o
 .data.logic_74153
                0x00000000       0x24 main.o
 .data.IC_74151
                0x00000000       0x14 main.o
 .data.logic_74151
                0x00000000       0x24 main.o
 .data.IC_7415  0x00000000       0x14 main.o
 .data.logic_7415
                0x00000000       0x10 main.o
 .data.IC_74148
                0x00000000       0x14 main.o
 .data.logic_74148
                0x00000000       0x14 main.o
 .data.IC_74147
                0x00000000       0x14 main.o
 .data.logic_74147
                0x00000000       0x14 main.o
 .data.IC_74145
                0x00000000       0x14 main.o
 .data.logic_74145
                0x00000000       0x20 main.o
 .data.IC_74140
                0x00000000       0x14 main.o
 .data.logic_74140
                0x00000000       0x12 main.o
 .data.IC_7414  0x00000000       0x14 main.o
 .data.logic_7414
                0x00000000        0x4 main.o
 .data.IC_74139
                0x00000000       0x14 main.o
 .data.logic_74139
                0x00000000        0xc main.o
 .data.IC_74138
                0x00000000       0x14 main.o
 .data.logic_74138
                0x00000000       0x18 main.o
 .data.IC_74137
                0x00000000       0x14 main.o
 .data.logic_74137
                0x00000000       0x18 main.o
 .data.IC_74136
                0x00000000       0x14 main.o
 .data.logic_74136
                0x00000000        0x8 main.o
 .data.IC_74133
                0x00000000       0x14 main.o
 .data.logic_74133
                0x00000000       0x1c main.o
 .data.IC_74132
                0x00000000       0x14 main.o
 .data.logic_74132
                0x00000000        0x8 main.o
 .data.IC_7413  0x00000000       0x14 main.o
 .data.logic_7413
                0x00000000       0x12 main.o
 .data.IC_74126
                0x00000000       0x14 main.o
 .data.logic_74126
                0x00000000        0x8 main.o
 .data.IC_74125
                0x00000000       0x14 main.o
 .data.logic_74125
                0x00000000       0x10 main.o
 .data.IC_74123
                0x00000000       0x14 main.o
 .data.logic_74123
                0x00000000        0xc main.o
 .data.IC_7412  0x00000000       0x14 main.o
 .data.logic_7412
                0x00000000       0x10 main.o
 .data.IC_74113
                0x00000000       0x14 main.o
 .data.logic_74113
                0x00000000        0xc main.o
 .data.IC_74112
                0x00000000       0x14 main.o
 .data.logic_74112
                0x00000000       0x10 main.o
 .data.IC_7411  0x00000000       0x14 main.o
 .data.logic_7411
                0x00000000       0x10 main.o
 .data.IC_74109
                0x00000000       0x14 main.o
 .data.logic_74109
                0x00000000       0x10 main.o
 .data.IC_74107
                0x00000000       0x14 main.o
 .data.logic_74107
                0x00000000        0xc main.o
 .data.IC_7410  0x00000000       0x14 main.o
 .data.logic_7410
                0x00000000       0x10 main.o
 .data.IC_7409  0x00000000       0x14 main.o
 .data.logic_7409
                0x00000000        0x8 main.o
 .data.IC_7408  0x00000000       0x14 main.o
 .data.logic_7408
                0x00000000        0x8 main.o
 .data.IC_7407  0x00000000       0x14 main.o
 .data.logic_7407
                0x00000000        0x4 main.o
 .data.IC_7406  0x00000000       0x14 main.o
 .data.logic_7406
                0x00000000        0x4 main.o
 .data.IC_7405  0x00000000       0x14 main.o
 .data.logic_7405
                0x00000000        0x4 main.o
 .data.IC_7404  0x00000000       0x14 main.o
 .data.logic_7404
                0x00000000        0x4 main.o
 .data.IC_7403  0x00000000       0x14 main.o
 .data.logic_7403
                0x00000000        0x8 main.o
 .data.IC_7402  0x00000000       0x14 main.o
 .data.logic_7402
                0x00000000        0x8 main.o
 .data.IC_7401  0x00000000       0x14 main.o
 .data.logic_7401
                0x00000000        0x8 main.o
 .data.IC_7400  0x00000000       0x14 main.o
 .data.logic_7400
                0x00000000        0x8 main.o
 .data.IC_4572  0x00000000       0x14 main.o
 .data.logic_4572
                0x00000000        0x8 main.o
 .data.IC_4543  0x00000000       0x14 main.o
 .data.logic_4543
                0x00000000        0x8 main.o
 .data.IC_4532  0x00000000       0x14 main.o
 .data.logic_4532
                0x00000000       0x14 main.o
 .data.IC_4529  0x00000000       0x14 main.o
 .data.logic_4529
                0x00000000        0x8 main.o
 .data.IC_4520  0x00000000       0x14 main.o
 .data.logic_4520
                0x00000000       0x16 main.o
 .data.IC_4519  0x00000000       0x14 main.o
 .data.logic_4519
                0x00000000        0xc main.o
 .data.IC_4518  0x00000000       0x14 main.o
 .data.logic_4518
                0x00000000        0xe main.o
 .data.IC_4512  0x00000000       0x14 main.o
 .data.logic_4512
                0x00000000       0x24 main.o
 .data.IC_4511  0x00000000       0x14 main.o
 .data.logic_4511
                0x00000000        0xa main.o
 .data.IC_4510  0x00000000       0x14 main.o
 .data.logic_4510
                0x00000000        0xa main.o
 .data.IC_4503  0x00000000       0x14 main.o
 .data.logic_4503
                0x00000000        0x8 main.o
 .data.IC_4098  0x00000000       0x14 main.o
 .data.logic_4098
                0x00000000       0x16 main.o
 .data.IC_4094  0x00000000       0x14 main.o
 .data.logic_4094
                0x00000000       0x1c main.o
 .data.IC_4093  0x00000000       0x14 main.o
 .data.logic_4093
                0x00000000        0x8 main.o
 .data.IC_4082  0x00000000       0x14 main.o
 .data.logic_4082
                0x00000000       0x16 main.o
 .data.IC_4081  0x00000000       0x14 main.o
 .data.logic_4081
                0x00000000        0x8 main.o
 .data.IC_4078  0x00000000       0x14 main.o
 .data.logic_4078
                0x00000000       0x14 main.o
 .data.IC_4077  0x00000000       0x14 main.o
 .data.logic_4077
                0x00000000        0x8 main.o
 .data.IC_4076  0x00000000       0x14 main.o
 .data.logic_4076
                0x00000000        0x6 main.o
 .data.IC_4075  0x00000000       0x14 main.o
 .data.logic_4075
                0x00000000       0x10 main.o
 .data.IC_4073  0x00000000       0x14 main.o
 .data.logic_4073
                0x00000000       0x10 main.o
 .data.IC_4072  0x00000000       0x14 main.o
 .data.logic_4072
                0x00000000       0x16 main.o
 .data.IC_4071  0x00000000       0x14 main.o
 .data.logic_4071
                0x00000000        0x8 main.o
 .data.IC_4070  0x00000000       0x14 main.o
 .data.logic_4070
                0x00000000        0x8 main.o
 .data.IC_4069  0x00000000       0x14 main.o
 .data.logic_4069
                0x00000000        0x4 main.o
 .data.IC_4068  0x00000000       0x14 main.o
 .data.logic_4068
                0x00000000       0x14 main.o
 .data.IC_4066  0x00000000       0x14 main.o
 .data.logic_4066
                0x00000000        0x8 main.o
 .data.IC_4053  0x00000000       0x14 main.o
 .data.logic_4053
                0x00000000        0xa main.o
 .data.IC_4051  0x00000000       0x14 main.o
 .data.logic_4051
                0x00000000       0x22 main.o
 .data.IC_4049  0x00000000       0x14 main.o
 .data.logic_4049
                0x00000000        0x4 main.o
 .data.IC_4048  0x00000000       0x14 main.o
 .data.logic_4048
                0x00000000        0x8 main.o
 .data.IC_4044  0x00000000       0x14 main.o
 .data.logic_4044
                0x00000000        0x6 main.o
 .data.IC_4043  0x00000000       0x14 main.o
 .data.logic_4043
                0x00000000        0x8 main.o
 .data.IC_4042  0x00000000       0x14 main.o
 .data.logic_4042
                0x00000000        0x6 main.o
 .data.IC_4041  0x00000000       0x14 main.o
 .data.logic_4041
                0x00000000        0x4 main.o
 .data.IC_4040  0x00000000       0x14 main.o
 .data.logic_4040
                0x00000000       0x1e main.o
 .data.IC_4031  0x00000000       0x14 main.o
 .data.logic_4031
                0x00000000        0x8 main.o
 .data.IC_4030  0x00000000       0x14 main.o
 .data.logic_4030
                0x00000000        0x8 main.o
 .data.IC_4029  0x00000000       0x14 main.o
 .data.logic_4029
                0x00000000       0x2c main.o
 .data.IC_4028  0x00000000       0x14 main.o
 .data.logic_4028
                0x00000000       0x14 main.o
 .data.IC_4027  0x00000000       0x14 main.o
 .data.logic_4027
                0x00000000       0x14 main.o
 .data.IC_4025  0x00000000       0x14 main.o
 .data.logic_4025
                0x00000000       0x10 main.o
 .data.IC_4024  0x00000000       0x14 main.o
 .data.logic_4024
                0x00000000       0x1c main.o
 .data.IC_4023  0x00000000       0x14 main.o
 .data.logic_4023
                0x00000000       0x10 main.o
 .data.IC_4022  0x00000000       0x14 main.o
 .data.logic_4022
                0x00000000       0x14 main.o
 .data.IC_4020  0x00000000       0x14 main.o
 .data.logic_4020
                0x00000000       0x24 main.o
 .data.IC_40193
                0x00000000       0x14 main.o
 .data.logic_40193
                0x00000000       0x1c main.o
 .data.IC_40192
                0x00000000       0x14 main.o
 .data.logic_40192
                0x00000000       0x1c main.o
 .data.IC_4019  0x00000000       0x14 main.o
 .data.logic_4019
                0x00000000        0xc main.o
 .data.IC_4018  0x00000000       0x14 main.o
 .data.logic_4018
                0x00000000       0x14 main.o
 .data.IC_40175
                0x00000000       0x14 main.o
 .data.logic_40175
                0x00000000        0x8 main.o
 .data.IC_40174
                0x00000000       0x14 main.o
 .data.logic_40174
                0x00000000        0x8 main.o
 .data.IC_4017  0x00000000       0x14 main.o
 .data.logic_4017
                0x00000000       0x18 main.o
 .data.IC_40162
                0x00000000       0x14 main.o
 .data.logic_40162
                0x00000000       0x1a main.o
 .data.IC_40161
                0x00000000       0x14 main.o
 .data.logic_40161
                0x00000000       0x18 main.o
 .data.IC_4016  0x00000000       0x14 main.o
 .data.logic_4016
                0x00000000        0x8 main.o
 .data.IC_4015  0x00000000       0x14 main.o
 .data.logic_4015
                0x00000000        0xa main.o
 .data.IC_4013  0x00000000       0x14 main.o
 .data.logic_4013
                0x00000000        0x8 main.o
 .data.IC_4012  0x00000000       0x14 main.o
 .data.logic_4012
                0x00000000        0x8 main.o
 .data.IC_4011  0x00000000       0x14 main.o
 .data.logic_4011
                0x00000000        0x8 main.o
 .data.IC_40106
                0x00000000       0x14 main.o
 .data.logic_40106
                0x00000000        0x4 main.o
 .data.IC_4010  0x00000000       0x14 main.o
 .data.logic_4010
                0x00000000        0x4 main.o
 .data.IC_4009  0x00000000       0x14 main.o
 .data.logic_4009
                0x00000000        0x4 main.o
 .data.IC_4002  0x00000000       0x14 main.o
 .data.logic_4002
                0x00000000       0x14 main.o
 .data.IC_4001  0x00000000       0x14 main.o
 .data.logic_4001
                0x00000000        0x8 main.o
 .data.IC_4000  0x00000000       0x14 main.o
 .data.logic_4000
                0x00000000       0x12 main.o
 .text          0x00000000        0x0 c:/program files (x86)/atmel/studio/7.0/toolchain/avr8/avr8-gnu-toolchain/bin/../lib/gcc/avr/5.4.0/avr5\libgcc.a(_exit.o)
 .data          0x00000000        0x0 c:/program files (x86)/atmel/studio/7.0/toolchain/avr8/avr8-gnu-toolchain/bin/../lib/gcc/avr/5.4.0/avr5\libgcc.a(_exit.o)
 .bss           0x00000000        0x0 c:/program files (x86)/atmel/studio/7.0/toolchain/avr8/avr8-gnu-toolchain/bin/../lib/gcc/avr/5.4.0/avr5\libgcc.a(_exit.o)
 .text.libgcc.mul
                0x00000000        0x0 c:/program files (x86)/atmel/studio/7.0/toolchain/avr8/avr8-gnu-toolchain/bin/../lib/gcc/avr/5.4.0/avr5\libgcc.a(_exit.o)
 .text.libgcc.div
                0x00000000        0x0 c:/program files (x86)/atmel/studio/7.0/toolchain/avr8/avr8-gnu-toolchain/bin/../lib/gcc/avr/5.4.0/avr5\libgcc.a(_exit.o)
 .text.libgcc   0x00000000        0x0 c:/program files (x86)/atmel/studio/7.0/toolchain/avr8/avr8-gnu-toolchain/bin/../lib/gcc/avr/5.4.0/avr5\libgcc.a(_exit.o)
 .text.libgcc.prologue
                0x00000000        0x0 c:/program files (x86)/atmel/studio/7.0/toolchain/avr8/avr8-gnu-toolchain/bin/../lib/gcc/avr/5.4.0/avr5\libgcc.a(_exit.o)
 .text.libgcc.builtins
                0x00000000        0x0 c:/program files (x86)/atmel/studio/7.0/toolchain/avr8/avr8-gnu-toolchain/bin/../lib/gcc/avr/5.4.0/avr5\libgcc.a(_exit.o)
 .text.libgcc.fmul
                0x00000000        0x0 c:/program files (x86)/atmel/studio/7.0/toolchain/avr8/avr8-gnu-toolchain/bin/../lib/gcc/avr/5.4.0/avr5\libgcc.a(_exit.o)
 .text.libgcc.fixed
                0x00000000        0x0 c:/program files (x86)/atmel/studio/7.0/toolchain/avr8/avr8-gnu-toolchain/bin/../lib/gcc/avr/5.4.0/avr5\libgcc.a(_exit.o)
 .text          0x00000000        0x0 c:/program files (x86)/atmel/studio/7.0/toolchain/avr8/avr8-gnu-toolchain/bin/../lib/gcc/avr/5.4.0/avr5\libgcc.a(_copy_data.o)
 .data          0x00000000        0x0 c:/program files (x86)/atmel/studio/7.0/toolchain/avr8/avr8-gnu-toolchain/bin/../lib/gcc/avr/5.4.0/avr5\libgcc.a(_copy_data.o)
 .bss           0x00000000        0x0 c:/program files (x86)/atmel/studio/7.0/toolchain/avr8/avr8-gnu-toolchain/bin/../lib/gcc/avr/5.4.0/avr5\libgcc.a(_copy_data.o)
 .text.libgcc.mul
                0x00000000        0x0 c:/program files (x86)/atmel/studio/7.0/toolchain/avr8/avr8-gnu-toolchain/bin/../lib/gcc/avr/5.4.0/avr5\libgcc.a(_copy_data.o)
 .text.libgcc.div
                0x00000000        0x0 c:/program files (x86)/atmel/studio/7.0/toolchain/avr8/avr8-gnu-toolchain/bin/../lib/gcc/avr/5.4.0/avr5\libgcc.a(_copy_data.o)
 .text.libgcc   0x00000000        0x0 c:/program files (x86)/atmel/studio/7.0/toolchain/avr8/avr8-gnu-toolchain/bin/../lib/gcc/avr/5.4.0/avr5\libgcc.a(_copy_data.o)
 .text.libgcc.prologue
                0x00000000        0x0 c:/program files (x86)/atmel/studio/7.0/toolchain/avr8/avr8-gnu-toolchain/bin/../lib/gcc/avr/5.4.0/avr5\libgcc.a(_copy_data.o)
 .text.libgcc.builtins
                0x00000000        0x0 c:/program files (x86)/atmel/studio/7.0/toolchain/avr8/avr8-gnu-toolchain/bin/../lib/gcc/avr/5.4.0/avr5\libgcc.a(_copy_data.o)
 .text.libgcc.fmul
                0x00000000        0x0 c:/program files (x86)/atmel/studio/7.0/toolchain/avr8/avr8-gnu-toolchain/bin/../lib/gcc/avr/5.4.0/avr5\libgcc.a(_copy_data.o)
 .text.libgcc.fixed
                0x00000000        0x0 c:/program files (x86)/atmel/studio/7.0/toolchain/avr8/avr8-gnu-toolchain/bin/../lib/gcc/avr/5.4.0/avr5\libgcc.a(_copy_data.o)

Memory Configuration

Name             Origin             Length             Attributes
text             0x00000000         0x00008000         xr
data             0x00800060         0x00000800         rw !x
eeprom           0x00810000         0x00000400         rw !x
fuse             0x00820000         0x00000002         rw !x
lock             0x00830000         0x00000400         rw !x
signature        0x00840000         0x00000400         rw !x
user_signatures  0x00850000         0x00000400         rw !x
*default*        0x00000000         0xffffffff

Linker script and memory map

LOAD C:/Program Files (x86)/Atmel/Studio/7.0/Packs/atmel/ATmega_DFP/1.7.374/gcc/dev/atmega32a/avr5/crtatmega32a.o
LOAD main.o
START GROUP
LOAD c:/program files (x86)/atmel/studio/7.0/toolchain/avr8/avr8-gnu-toolchain/bin/../lib/gcc/avr/5.4.0/../../../../avr/lib/avr5\libm.a
END GROUP
START GROUP
LOAD c:/program files (x86)/atmel/studio/7.0/toolchain/avr8/avr8-gnu-toolchain/bin/../lib/gcc/avr/5.4.0/avr5\libgcc.a
LOAD c:/program files (x86)/atmel/studio/7.0/toolchain/avr8/avr8-gnu-toolchain/bin/../lib/gcc/avr/5.4.0/../../../../avr/lib/avr5\libm.a
LOAD c:/program files (x86)/atmel/studio/7.0/toolchain/avr8/avr8-gnu-toolchain/bin/../lib/gcc/avr/5.4.0/../../../../avr/lib/avr5\libc.a
LOAD C:/Program Files (x86)/Atmel/Studio/7.0/Packs/atmel/ATmega_DFP/1.7.374/gcc/dev/atmega32a/avr5\libatmega32a.a
END GROUP
                [0x00000000]                __TEXT_REGION_ORIGIN__ = DEFINED (__TEXT_REGION_ORIGIN__)?__TEXT_REGION_ORIGIN__:0x0
                [0x00800060]                __DATA_REGION_ORIGIN__ = DEFINED (__DATA_REGION_ORIGIN__)?__DATA_REGION_ORIGIN__:0x800060
                [0x00008000]                __TEXT_REGION_LENGTH__ = DEFINED (__TEXT_REGION_LENGTH__)?__TEXT_REGION_LENGTH__:0x20000
                [0x00000800]                __DATA_REGION_LENGTH__ = DEFINED (__DATA_REGION_LENGTH__)?__DATA_REGION_LENGTH__:0xffa0
                [0x00000400]                __EEPROM_REGION_LENGTH__ = DEFINED (__EEPROM_REGION_LENGTH__)?__EEPROM_REGION_LENGTH__:0x10000
                [0x00000002]                __FUSE_REGION_LENGTH__ = DEFINED (__FUSE_REGION_LENGTH__)?__FUSE_REGION_LENGTH__:0x400
                0x00000400                __LOCK_REGION_LENGTH__ = DEFINED (__LOCK_REGION_LENGTH__)?__LOCK_REGION_LENGTH__:0x400
                0x00000400                __SIGNATURE_REGION_LENGTH__ = DEFINED (__SIGNATURE_REGION_LENGTH__)?__SIGNATURE_REGION_LENGTH__:0x400
                0x00000400                __USER_SIGNATURE_REGION_LENGTH__ = DEFINED (__USER_SIGNATURE_REGION_LENGTH__)?__USER_SIGNATURE_REGION_LENGTH__:0x400

.hash
 *(.hash)

.dynsym
 *(.dynsym)

.dynstr
 *(.dynstr)

.gnu.version
 *(.gnu.version)

.gnu.version_d
 *(.gnu.version_d)

.gnu.version_r
 *(.gnu.version_r)

.rel.init
 *(.rel.init)

.rela.init
 *(.rela.init)

.rel.text
 *(.rel.text)
 *(.rel.text.*)
 *(.rel.gnu.linkonce.t*)

.rela.text
 *(.rela.text)
 *(.rela.text.*)
 *(.rela.gnu.linkonce.t*)

.rel.fini
 *(.rel.fini)

.rela.fini
 *(.rela.fini)

.rel.rodata
 *(.rel.rodata)
 *(.rel.rodata.*)
 *(.rel.gnu.linkonce.r*)

.rela.rodata
 *(.rela.rodata)
 *(.rela.rodata.*)
 *(.rela.gnu.linkonce.r*)

.rel.data
 *(.rel.data)
 *(.rel.data.*)
 *(.rel.gnu.linkonce.d*)

.rela.data
 *(.rela.data)
 *(.rela.data.*)
 *(.rela.gnu.linkonce.d*)

.rel.ctors
 *(.rel.ctors)

.rela.ctors
 *(.rela.ctors)

.rel.dtors
 *(.rel.dtors)

.rela.dtors
 *(.rela.dtors)

.rel.got
 *(.rel.got)

.rela.got
 *(.rela.got)

.rel.bss
 *(.rel.bss)

.rela.bss
 *(.rela.bss)

.rel.plt
 *(.rel.plt)

.rela.plt
 *(.rela.plt)

.text           0x00000000       0x88
 *(.vectors)
 .vectors       0x00000000       0x54 C:/Program Files (x86)/Atmel/Studio/7.0/Packs/atmel/ATmega_DFP/1.7.374/gcc/dev/atmega32a/avr5/crtatmega32a.o
                0x00000000                __vector_default
                0x00000000                __vectors
 *(.vectors)
 *(.progmem.gcc*)
                0x00000054                . = ALIGN (0x2)
                0x00000054                __trampolines_start = .
 *(.trampolines)
 .trampolines   0x00000054        0x0 linker stubs
 *(.trampolines*)
                0x00000054                __trampolines_end = .
 *libprintf_flt.a:*(.progmem.data)
 *libc.a:*(.progmem.data)
 *(.progmem*)
                0x00000054                . = ALIGN (0x2)
 *(.jumptables)
 *(.jumptables*)
 *(.lowtext)
 *(.lowtext*)
                0x00000054                __ctors_start = .
 *(.ctors)
                0x00000054                __ctors_end = .
                0x00000054                __dtors_start = .
 *(.dtors)
                0x00000054                __dtors_end = .
 SORT(*)(.ctors)
 SORT(*)(.dtors)
 *(.init0)
 .init0         0x00000054        0x0 C:/Program Files (x86)/Atmel/Studio/7.0/Packs/atmel/ATmega_DFP/1.7.374/gcc/dev/atmega32a/avr5/crtatmega32a.o
                0x00000054                __init
 *(.init0)
 *(.init1)
 *(.init1)
 *(.init2)
 .init2         0x00000054        0xc C:/Program Files (x86)/Atmel/Studio/7.0/Packs/atmel/ATmega_DFP/1.7.374/gcc/dev/atmega32a/avr5/crtatmega32a.o
 *(.init2)
 *(.init3)
 *(.init3)
 *(.init4)
 .init4         0x00000060       0x16 c:/program files (x86)/atmel/studio/7.0/toolchain/avr8/avr8-gnu-toolchain/bin/../lib/gcc/avr/5.4.0/avr5\libgcc.a(_copy_data.o)
                0x00000060                __do_copy_data
 *(.init4)
 *(.init5)
 *(.init5)
 *(.init6)
 *(.init6)
 *(.init7)
 *(.init7)
 *(.init8)
 *(.init8)
 *(.init9)
 .init9         0x00000076        0x8 C:/Program Files (x86)/Atmel/Studio/7.0/Packs/atmel/ATmega_DFP/1.7.374/gcc/dev/atmega32a/avr5/crtatmega32a.o
 *(.init9)
 *(.text)
 .text          0x0000007e        0x4 C:/Program Files (x86)/Atmel/Studio/7.0/Packs/atmel/ATmega_DFP/1.7.374/gcc/dev/atmega32a/avr5/crtatmega32a.o
                0x0000007e                __vector_1
                0x0000007e                __vector_12
                0x0000007e                __bad_interrupt
                0x0000007e                __vector_6
                0x0000007e                __vector_3
                0x0000007e                __vector_11
                0x0000007e                __vector_13
                0x0000007e                __vector_17
                0x0000007e                __vector_19
                0x0000007e                __vector_7
                0x0000007e                __vector_5
                0x0000007e                __vector_4
                0x0000007e                __vector_9
                0x0000007e                __vector_2
                0x0000007e                __vector_15
                0x0000007e                __vector_8
                0x0000007e                __vector_14
                0x0000007e                __vector_10
                0x0000007e                __vector_16
                0x0000007e                __vector_18
                0x0000007e                __vector_20
                0x00000082                . = ALIGN (0x2)
 *(.text.*)
 .text.main     0x00000082        0x2 main.o
                0x00000082                main
                0x00000084                . = ALIGN (0x2)
 *(.fini9)
 .fini9         0x00000084        0x0 c:/program files (x86)/atmel/studio/7.0/toolchain/avr8/avr8-gnu-toolchain/bin/../lib/gcc/avr/5.4.0/avr5\libgcc.a(_exit.o)
                0x00000084                _exit
                0x00000084                exit
 *(.fini9)
 *(.fini8)
 *(.fini8)
 *(.fini7)
 *(.fini7)
 *(.fini6)
 *(.fini6)
 *(.fini5)
 *(.fini5)
 *(.fini4)
 *(.fini4)
 *(.fini3)
 *(.fini3)
 *(.fini2)
 *(.fini2)
 *(.fini1)
 *(.fini1)
 *(.fini0)
 .fini0         0x00000084        0x4 c:/program files (x86)/atmel/studio/7.0/toolchain/avr8/avr8-gnu-toolchain/bin/../lib/gcc/avr/5.4.0/avr5\libgcc.a(_exit.o)
 *(.fini0)
                0x00000088                _etext = .

.data           0x00800060        0x0 load address 0x00000088
                0x00800060                PROVIDE (__data_start, .)
 *(.data)
 *(.data*)
 *(.gnu.linkonce.d*)
 *(.rodata)
 *(.rodata*)
 *(.gnu.linkonce.r*)
                0x00800060                . = ALIGN (0x2)
                0x00800060                _edata = .
                0x00800060                PROVIDE (__data_end, .)

.bss            0x00800060        0x0
                [!provide]                PROVIDE (__bss_start, .)
 *(.bss)
 *(.bss*)
 *(COMMON)
                [!provide]                PROVIDE (__bss_end, .)
                0x00000088                __data_load_start = LOADADDR (.data)
                0x00000088                __data_load_end = (__data_load_start + SIZEOF (.data))

.noinit         0x00800060        0x0
                [!provide]                PROVIDE (__noinit_start, .)
 *(.noinit*)
                [!provide]                PROVIDE (__noinit_end, .)
                0x00800060                _end = .
                [!provide]                PROVIDE (__heap_start, .)

.eeprom         0x00810000        0x0
 *(.eeprom*)
                0x00810000                __eeprom_end = .

.fuse
 *(.fuse)
 *(.lfuse)
 *(.hfuse)
 *(.efuse)

.lock
 *(.lock*)

.signature
 *(.signature*)

.user_signatures
 *(.user_signatures*)

.stab
 *(.stab)

.stabstr
 *(.stabstr)

.stab.excl
 *(.stab.excl)

.stab.exclstr
 *(.stab.exclstr)

.stab.index
 *(.stab.index)

.stab.indexstr
 *(.stab.indexstr)

.comment        0x00000000       0x30
 *(.comment)
 .comment       0x00000000       0x30 main.o
                                 0x31 (size before relaxing)

.note.gnu.avr.deviceinfo
                0x00000000       0x3c
 .note.gnu.avr.deviceinfo
                0x00000000       0x3c C:/Program Files (x86)/Atmel/Studio/7.0/Packs/atmel/ATmega_DFP/1.7.374/gcc/dev/atmega32a/avr5/crtatmega32a.o

.note.gnu.build-id
 *(.note.gnu.build-id)

.debug
 *(.debug)

.line
 *(.line)

.debug_srcinfo
 *(.debug_srcinfo)

.debug_sfnames
 *(.debug_sfnames)

.debug_aranges  0x00000000       0x20
 *(.debug_aranges)
 .debug_aranges
                0x00000000       0x20 main.o

.debug_pubnames
 *(.debug_pubnames)

.debug_info     0x00000000     0x20fe
 *(.debug_info .gnu.linkonce.wi.*)
 .debug_info    0x00000000      0x4e6 C:/Program Files (x86)/Atmel/Studio/7.0/Packs/atmel/ATmega_DFP/1.7.374/gcc/dev/atmega32a/avr5/crtatmega32a.o
 .debug_info    0x000004e6     0x1c18 main.o

.debug_abbrev   0x00000000      0x563
 *(.debug_abbrev)
 .debug_abbrev  0x00000000      0x4a3 C:/Program Files (x86)/Atmel/Studio/7.0/Packs/atmel/ATmega_DFP/1.7.374/gcc/dev/atmega32a/avr5/crtatmega32a.o
 .debug_abbrev  0x000004a3       0xc0 main.o

.debug_line     0x00000000      0x15f
 *(.debug_line .debug_line.* .debug_line_end)
 .debug_line    0x00000000      0x116 C:/Program Files (x86)/Atmel/Studio/7.0/Packs/atmel/ATmega_DFP/1.7.374/gcc/dev/atmega32a/avr5/crtatmega32a.o
 .debug_line    0x00000116       0x49 main.o

.debug_frame    0x00000000       0x24
 *(.debug_frame)
 .debug_frame   0x00000000       0x24 main.o

.debug_str      0x00000000     0x10bc
 *(.debug_str)
 .debug_str     0x00000000      0x196 C:/Program Files (x86)/Atmel/Studio/7.0/Packs/atmel/ATmega_DFP/1.7.374/gcc/dev/atmega32a/avr5/crtatmega32a.o
 .debug_str     0x00000196      0xf26 main.o
                                0xf31 (size before relaxing)

.debug_loc
 *(.debug_loc)

.debug_macinfo
 *(.debug_macinfo)

.debug_weaknames
 *(.debug_weaknames)

.debug_funcnames
 *(.debug_funcnames)

.debug_typenames
 *(.debug_typenames)

.debug_varnames
 *(.debug_varnames)

.debug_pubtypes
 *(.debug_pubtypes)

.debug_ranges   0x00000000       0x10
 *(.debug_ranges)
 .debug_ranges  0x00000000       0x10 main.o

.debug_macro
 *(.debug_macro)
OUTPUT(IC_TESTER.elf elf32-avr)
LOAD linker stubs
